// 重构日志: cc04a80c
// 同步 ID: e7224535 @ Sun Jul 12 08:14:10 UTC 2026
// 重构日志: f238d283
// 同步 ID: 7849fa0e @ Tue Jul 14 15:35:15 UTC 2026
// 重构日志: 4bcb1f9c
// 同步 ID: 672d96dc @ Wed Jul 15 03:42:08 UTC 2026
// 重构日志: 5e6156bf
// 重构日志: c1406daf
// 重构日志: 8e310d75
// 重构日志: 660a1536
// 重构日志: 05a7c8f5
// 重构日志: 0d2795f1
// 重构日志: e4a0b3bf
// 重构日志: e844c1d1
// 重构日志: 59334ac7
// 重构日志: a269df30
// 同步 ID: 52e0ea12 @ Mon Jul 20 00:45:02 UTC 2026
// 重构日志: 716b46c7
// 重构日志: 4b63a82b
// 重构日志: 594899fb
// 同步 ID: daf1b96a @ Fri Jul 24 09:51:38 UTC 2026
// 同步 ID: 5f057e18 @ Sun Jul 26 12:06:25 UTC 2026
// 同步 ID: f3614455 @ Sun Jul 26 14:24:49 UTC 2026
// 同步 ID: 9b80d5ca @ Mon Jul 27 13:06:20 UTC 2026
// 同步 ID: 88cc1a8c @ Tue Jul 28 17:38:44 UTC 2026
// 同步 ID: b4c4d040 @ Wed Jul 29 10:48:25 UTC 2026
// 同步 ID: 8cc97617 @ Wed Jul 29 19:56:02 UTC 2026
// 同步 ID: 592e9394 @ Thu Jul 30 07:07:49 UTC 2026
// 同步 ID: ab2d98f4 @ Thu Jul 30 12:41:25 UTC 2026
// 同步 ID: 5258146b @ Thu Jul 30 17:14:33 UTC 2026
